https://jobs.lever.co/blackstormlabs/4d3b644f-70d1-459a-8fca-93c22b5e7223
https://centrify.wd1.myworkdayjobs.com/en-US/External/
http://jobs.jobvite.com/veeva/
https://www.saama.com/jobvite/
https://boards.greenhouse.io/si/jobs/775404
https://boards.greenhouse.io/eero
https://seagate.wd1.myworkdayjobs.com/EXT
https://kickpay.workable.com/
https://boards.greenhouse.io/connectedfitness
https://jobs.lever.co/buildzoom
https://truecar.wd1.myworkdayjobs.com/careers
https://hire.lever.co/auth/provider/google2?continue=%2F
https://boards.greenhouse.io/intercom/jobs/771037
https://jobs.lever.co/thinkhr
https://embee-mobile.workable.com/
https://jobs.lever.co/takescoop
https://jobs.lever.co/jawbonehealth
https://datastax.wd5.myworkdayjobs.com/DataStaxCareers/jobs
https://jobs.lever.co/circleci/
https://jobs.lever.co/triplebyte?lever-source=careers_gen
https://careers.smartrecruiters.com/UserTesting
https://xockets.workable.com/
https://jobs.lever.co/livelike/cc25559a-8426-4e92-bb56-d048c7a8ff48
https://jobs.lever.co/clearslide/
http://jobs.jobvite.com/careers/insightly/jobs?__jvst=Career%20Site
https://qordoba.workable.com/
https://alector.workable.com/
https://boards.greenhouse.io/growbots/jobs/678623
https://jobs.lever.co/clerky
https://bb.wd3.myworkdayjobs.com/BlackBerry/jobs
https://jobs.lever.co/humanapi/2b4ad954-8eff-47d1-a189-ba48a469537b
http://jobs.jobvite.com/switchfly
https://jobs.lever.co/qventus/d67c848f-2d38-4dfb-b877-0a889603c0dd
https://jobs.jobvite.com/hightail-inc/job/oylP5fwx
http://jobs.jobvite.com/metricstream
https://jobs.lever.co/roam/5b6480c4-1c8e-46ce-b00b-f6ca2c53e640
https://jobs.lever.co/backerkit
https://boards.greenhouse.io/servicemax
https://jobs.lever.co/socialchorus
/jobvite
https://equinix.wd1.myworkdayjobs.com/External
http://hire.jobvite.com/CompanyJobs/Careers.aspx?c=q4d9Vfw5&cs=98WaVfwT
https://boards.greenhouse.io/imoim/jobs/769661
https://app.jobvite.com/j?cj=oBtT5fwM&s=publish
https://nvidia.wd5.myworkdayjobs.com/NVIDIAExternalCareerSite
https://jobs.lever.co/close.io/38d0c4ac-c3eb-47e9-a49e-4611f96eef8d
https://www.smartrecruiters.com/Sookasa/81033894-backend-engineer
#jobvite-content
https://jobs.lever.co/penumbrainc
https://jobs.lever.co/adello
https://jobs.lever.co/keeptruckin/4a397739-b3f5-4735-a82c-0bf1c7c7b337
http://jobs.lever.co/mayvenn
http://hire.jobvite.com/CompanyJobs/Careers.aspx?c=qMZaVfwA&v=1&k=Notify
https://jobs.jobvite.com/careers/touchofmodern/jobs
https://jobs.lever.co/nylas/2acf52e8-54b1-4593-b269-3e7f64a43900
https://jobs.lever.co/lumosity
https://www.myworkday.com/paypal/d/home.htmld
https://boards.greenhouse.io/insticator#.WdO4AciGOUm
https://jobs.lever.co/addepar/a2bd83bb-f9f4-40a0-903c-85bae3bfabc0
http://boards.greenhouse.io/twilio
https://thisisl.workable.com/
https://jobs.lever.co/thinair/8105ba3d-f820-4923-b367-16c4bab72d88
https://boards.greenhouse.io/airware/jobs/19241
http://hire.jobvite.com/CompanyJobs/Careers.aspx?c=qNR9Vfws
https://jobs.lever.co/betterdoctor/406d8cbb-e32e-45c5-a93a-cebec20adbc6
https://jobs.lever.co/enlitic/
https://jobs.jobvite.com/richrelevance/jobs
http://jobs.lever.co/keepsafe
https://boards.greenhouse.io/enjoy#.WYsHvojyiUn
https://jobs.lever.co/neighborly
https://jobs.lever.co/carbonrobotics/b97e2447-e229-4b3a-b046-e8c8b6621c7c
https://boards.greenhouse.io/brightcove/jobs/541618?gh_jid=541618
https://jobs.lever.co/anomali
https://app.greenhouse.io/users/sign_in
https://jobs.lever.co/15five
https://threatmetrix.workable.com/j/BFD58B30F9
https://jobs.lever.co/forusall/5f172d8d-0ae7-4eee-9409-6947e6d0ea1e
https://jobs.lever.co/ravel
https://boards.greenhouse.io/samsara/jobs/544931
https://boards.greenhouse.io/buildingconnected/jobs/856015#.WcqPzdOGPUI
https://jobs.lever.co/dollskill
http://jobs.jobvite.com/careers/evident/jobs
https://transifex.workable.com/jobs/484782
https://jobs.lever.co/getaround/6d325a21-dfb3-4c9d-864f-dee24c290b94/apply
https://jobs.lever.co/remix
https://boards.greenhouse.io/patreon
http://www.greenhouse.io/
https://jobs.lever.co/bitnami/
http://frontrow.workable.com/
https://jobs.lever.co/simberobotics.com
https://boards.greenhouse.io/ginger/jobs/747234#.WVaKXhPytUM
https://jobs.lever.co/zendrive
https://boards.greenhouse.io/betterworks/jobs/33359
http://jobs.jobvite.com/mapd/?nl=1
https://clear-labs.workable.com/j/451F11C778
https://jobs.lever.co/franklyinc
https://boards.greenhouse.io/pocketgems/jobs/842309
https://jobs.lever.co/chain
https://www.smartrecruiters.com/Trippingcom/101599041-full-stack-engineer
https://boards.greenhouse.io/redbooth/jobs/842195
https://pfizer.wd1.myworkdayjobs.com/PfizerCareers
https://jobs.lever.co/bluevine
http://jobs.lever.co/spire
https://boards.greenhouse.io/mixpanel/jobs/142104#.WPah0VMrLOR
https://jobs.lever.co/walkerandcompany
https://jobs.lever.co/accompany
https://jobs.lever.co/reflektive.com
https://jobs.lever.co/tachyus/4e55a839-8bab-499f-939d-dc859eebc4cf
https://jobs.lever.co/getloopd/95b312ac-dff4-49ed-bcdb-01a7686c797b
/en-us/applications/workday-cloud-platform.html
https://condition-1.workable.com/
https://boards.greenhouse.io/smartling
https://flextronics.wd1.myworkdayjobs.com/en-US/Nextracker_Careers/
http://jobs.jobvite.com/sunlink
https://boards.greenhouse.io/tubitv/jobs/754580?gh_jid=754580
https://abakus.workable.com/
https://grandata.workable.com/
https://careers.smartrecruiters.com/SmaatoInc/
https://jobs.lever.co/nextthing
https://boards.greenhouse.io/pocket
ttps://jobs.lever.co/fabricgenomics/767b084c-9824-49e6-b865-d792233b453e
https://jobs.lever.co/datanyze/d0bef32c-eb24-428d-bcda-b9d35f836b87
https://jobs.lever.co/bluebottlecoffee
https://vroom.workable.com/
https://jobs.lever.co/area1security
http://hire.jobvite.com/CompanyJobs/Careers.aspx?c=qIc9VfwI
https://www.smartrecruiters.com/PubMatic/743999659604799
https://jobs.lever.co/peerspace/15b8224c-a465-4868-a371-ea3530b93b43
https://jobs.lever.co/zenput
https://jobs.lever.co/zipongo/3e643386-e2d6-4578-a43d-13a3c2e961ba
https://hire.jobvite.com/CompanyJobs/Careers.aspx?c=qLr9Vfw0&v=1&page=Apply
https://jobs.lever.co/bloomthat
https://jobs.lever.co/shapesecurity
https://jobs.lever.co/dividendsolar/b88869d9-56c4-41d8-965c-e02c47bbdc6d
https://jobs.lever.co/joinhonor.com/17d91168-e051-4915-899b-1fd1268432d8
https://jobs.lever.co/tileapp
https://boards.greenhouse.io/github/jobs/787171
https://jobs.lever.co/voltacharging
https://boards.greenhouse.io/credible#.WFA6iaIrIcg
http://hire.jobvite.com/CompanyJobs/Careers.aspx?c=qv79Vfwq&k=Notify
https://jobs.lever.co/lyrahealth
https://jobs.lever.co/squaretrade
https://aditazz.workable.com/
https://jobs.jobvite.com/sofi/apply
https://jobs.lever.co/jamcity/b733e81e-63bd-486d-9783-b374372fce09
https://www.greenhouse.io/privacy-policy
https://jobs.lever.co/scaledinference/8f208c42-e582-4b51-87ac-0caeeede1510/apply
https://jobs.lever.co/persistiq
http://hire.jobvite.com/Application/Applications.aspx?c=qfv9Vfwy
https://horizonpharma.wd1.myworkdayjobs.com/Horizon_Pharma/
https://makemereach.workable.com/
https://boards.greenhouse.io/thanx
http://boards.greenhouse.io/quartzy/jobs/736651?gh_jid=736651
http://jobs.jobvite.com/adsnative/apply
https://jobs.lever.co/wealthfront/da34302f-9e7b-4e65-9176-9c73dc1b4c05
https://clarivate.wd3.myworkdayjobs.com/Clarivate_Careers/job/Lithuania---Vilnius/Brand-Analyst_JREQ100072
https://boards.greenhouse.io/stitchlabs#.V_WZwpMrIUE
https://jobs.lever.co/tapfwd/e752e7b1-4097-421a-b408-72c0fdcffcd1/apply?lever-source=Website
http://recruiting.jobvite.com/
https://instapage.workable.com/jobs/115439
https://boomr.workable.com/
https://boards.greenhouse.io/wepay/jobs/681297
https://jobs.lever.co/onerent
https://jobs.smartrecruiters.com/Visa/105944921-new-grad-undergrad-business-development-analyst
https://boards.greenhouse.io/classdojo/jobs/866614
https://jobs.lever.co/ifttt/c1bc9e8f-895a-4116-817d-b65c41076cec/apply?lever-source=JobsPage
https://jobs.lever.co/contrastsecurity/c2e53fb1-96ac-4904-92bd-8054c93ff9fc
https://solarcity.wd1.myworkdayjobs.com/05
https://jobs.lever.co/parsable
http://recruiting.jobvite.com
http://hire.jobvite.com/CompanyJobs/Careers.aspx?c=qK29VfwA&v=1&page=Apply
http://jobs.jobvite.com/nutanix
https://boards.greenhouse.io/thesourcery/jobs/758824?gh_src=k82avb1#.WWfKscaZOb8
https://jobs.lever.co/fond
https://jobs.lever.co/scienceexchange/c038aa09-6648-41c6-af25-21fd42e9e893
https://jobs.lever.co/drawbridge/bfac74cc-2cab-4d66-93e8-26010f8701ad/apply
https://jobs.lever.co/plangrid
https://jobs.lever.co/sightmachine/de751ddc-b0a6-41f1-a402-8fd7d1602a3c
https://careers.smartrecruiters.com/Curbside1?oga=true
https://jobs.lever.co/interana
https://hpe.wd5.myworkdayjobs.com/Jobsathpe
https://boards.greenhouse.io/1page/jobs/73494
https://jobs.lever.co/rexcomputing
https://jobs.lever.co/engagio
http://jobs.lever.co/exabeam
https://jobs.lever.co/calm/b44ad457-b426-4643-ae07-aeb2cff8bad8
http://jobs.jobvite.com/the-climate-corporation
https://jobs.lever.co/bondstreet
https://storefront.workable.com/
https://jobs.lever.co/momentummachines
https://frontrow.workable.com/
https://www.myworkday.com/amgen/d/task/1422$1598.htmld
https://jobs.lever.co/kaizenplatform/bd56b3bd-13bc-4775-b355-7a448c88e299
https://jobs.lever.co/reputation
https://boards.greenhouse.io/logikcull/jobs/582168